// Jest Snapshot v1, https://goo.gl/fbAQLP

exports[`renders as expected 1`] = `
<div>
  <ul
    class="jsx-2085888330"
  >
    <a
      class="jsx-2085888330"
      data-qa="example1"
      href="https://www.example1.com"
      rel="noopener external"
      target="_blank"
      title="Example 1"
    >
      <li
        class="jsx-2085888330"
      >
        <img
          alt="example1 logo"
          class="jsx-2085888330"
          src="/static/icon.png"
        />
      </li>
    </a>
    <a
      class="jsx-2085888330"
      data-qa="example2"
      href="https://www.example2.com"
      rel="noopener external"
      target="_blank"
      title="Example 2"
    >
      <li
        class="jsx-2085888330"
      >
        <img
          alt="example2 logo"
          class="jsx-2085888330"
          src="/static/icon.png"
        />
      </li>
    </a>
  </ul>
</div>
`;
